// Jest Snapshot v1, https://goo.gl/fbAQLP

exports[`Pruebas en el componente EntryView debe de mostrar el entry si el id existe 1`] = `
<div class="entry-title d-flex justify-content-between p-2">
  <div class="entry-title d-flex align-items-center"><span class="text-success fs-4 fw-bold">1</span><span class="mx-1 fs-5">Enero 2020, Miércoles</span></div>
  <div><input type="file" accept="image/*" style="display: none;"><button class="btn btn-danger mx-2"> Borrar <i class="fa fa-trash-alt"></i></button><button class="btn btn-primary"> Subir foto <i class="fa fa-upload"></i></button></div>
</div>
<hr>
<div class="d-flex flex-column px-3 h-75"><textarea placeholder="¿Qué está pasando en el mundo 2022?" class="form-control" rows="10"></textarea></div>
<!--v-if-->
<!--v-if-->
<fab-icon-stub icon="fa-save"></fab-icon-stub>
`;
